test_actual_backend_switch_applies_new_defaults (test_workflow_properties.WorkflowPropertyBufferTests.test_actual_backend_switch_applies_new_defaults) ... ok
test_same_values_preserve_custom_settings_and_redo (test_workflow_properties.WorkflowPropertyBufferTests.test_same_values_preserve_custom_settings_and_redo) ... ok
test_cpu_run_cache_status_edits_reopen_and_stop (test_workflow_properties.WorkflowPropertyUITests.test_cpu_run_cache_status_edits_reopen_and_stop) ... Executing <Task pending name="message pump TabPane(id='workflows')" coro=<MessagePump._process_messages() running at /home/boaz/aigen/.venv/lib/python3.12/site-packages/textual/message_pump.py:566> wait_for=<Future pending cb=[Task.task_wakeup()] created at /home/boaz/.local/share/uv/python/cpython-3.12.13-linux-x86_64-gnu/lib/python3.12/asyncio/base_events.py:448> created at /home/boaz/.local/share/uv/python/cpython-3.12.13-linux-x86_64-gnu/lib/python3.12/asyncio/tasks.py:420> took 0.169 seconds
Executing <Task pending name="message pump Screen(id='_default')" coro=<MessagePump._process_messages() running at /home/boaz/aigen/.venv/lib/python3.12/site-packages/textual/message_pump.py:571> wait_for=<Future pending cb=[Task.task_wakeup()] created at /home/boaz/.local/share/uv/python/cpython-3.12.13-linux-x86_64-gnu/lib/python3.12/asyncio/base_events.py:448> created at /home/boaz/.local/share/uv/python/cpython-3.12.13-linux-x86_64-gnu/lib/python3.12/asyncio/tasks.py:420> took 0.113 seconds
Executing <Task pending name='message pump WorkflowEditor()' coro=<MessagePump._process_messages() running at /home/boaz/aigen/.venv/lib/python3.12/site-packages/textual/message_pump.py:566> wait_for=<Future pending cb=[Task.task_wakeup()] created at /home/boaz/.local/share/uv/python/cpython-3.12.13-linux-x86_64-gnu/lib/python3.12/asyncio/base_events.py:448> created at /home/boaz/.local/share/uv/python/cpython-3.12.13-linux-x86_64-gnu/lib/python3.12/asyncio/tasks.py:420> took 0.192 seconds
Executing <Task pending name='Task-2' coro=<WorkflowPropertyUITests.test_cpu_run_cache_status_edits_reopen_and_stop() running at /home/boaz/aigen/tests/test_workflow_properties.py:124> wait_for=<_GatheringFuture pending cb=[Task.task_wakeup()] created at /home/boaz/.local/share/uv/python/cpython-3.12.13-linux-x86_64-gnu/lib/python3.12/asyncio/tasks.py:712> cb=[_run_until_complete_cb() at /home/boaz/.local/share/uv/python/cpython-3.12.13-linux-x86_64-gnu/lib/python3.12/asyncio/base_events.py:181] created at /home/boaz/.local/share/uv/python/cpython-3.12.13-linux-x86_64-gnu/lib/python3.12/asyncio/runners.py:100> took 0.210 seconds
ok
test_implicit_defaults_compile_open_and_round_trip (test_workflow_properties.WorkflowPropertyUITests.test_implicit_defaults_compile_open_and_round_trip) ... Executing <Task pending name="message pump FieldRow(classes='field-row')" coro=<MessagePump._process_messages() running at /home/boaz/aigen/.venv/lib/python3.12/site-packages/textual/message_pump.py:566> wait_for=<Future pending cb=[Task.task_wakeup()] created at /home/boaz/.local/share/uv/python/cpython-3.12.13-linux-x86_64-gnu/lib/python3.12/asyncio/base_events.py:448> created at /home/boaz/.local/share/uv/python/cpython-3.12.13-linux-x86_64-gnu/lib/python3.12/asyncio/tasks.py:420> took 0.217 seconds
Executing <Task pending name="message pump PropertyInput(classes='workflow-property-editor -textual-compact')" coro=<MessagePump._process_messages() running at /home/boaz/aigen/.venv/lib/python3.12/site-packages/textual/message_pump.py:571> created at /home/boaz/.local/share/uv/python/cpython-3.12.13-linux-x86_64-gnu/lib/python3.12/asyncio/tasks.py:420> took 0.214 seconds
Executing <Task pending name='screen_update' coro=<Timer._run_timer() running at /home/boaz/aigen/.venv/lib/python3.12/site-packages/textual/timer.py:146> wait_for=<Future pending cb=[Task.task_wakeup()] created at /home/boaz/.local/share/uv/python/cpython-3.12.13-linux-x86_64-gnu/lib/python3.12/asyncio/base_events.py:448> created at /home/boaz/.local/share/uv/python/cpython-3.12.13-linux-x86_64-gnu/lib/python3.12/asyncio/tasks.py:420> took 0.240 seconds
ok
test_open_select_save_undo_redo_preserve_settings (test_workflow_properties.WorkflowPropertyUITests.test_open_select_save_undo_redo_preserve_settings) ... Executing <Task pending name="message pump Screen(id='_default')" coro=<MessagePump._process_messages() running at /home/boaz/aigen/.venv/lib/python3.12/site-packages/textual/message_pump.py:571> wait_for=<Future pending cb=[Task.task_wakeup()] created at /home/boaz/.local/share/uv/python/cpython-3.12.13-linux-x86_64-gnu/lib/python3.12/asyncio/base_events.py:448> created at /home/boaz/.local/share/uv/python/cpython-3.12.13-linux-x86_64-gnu/lib/python3.12/asyncio/tasks.py:420> took 0.103 seconds
Executing <Task pending name='message pump WorkflowEditor()' coro=<MessagePump._process_messages() running at /home/boaz/aigen/.venv/lib/python3.12/site-packages/textual/message_pump.py:571> wait_for=<Future pending cb=[Task.task_wakeup()] created at /home/boaz/.local/share/uv/python/cpython-3.12.13-linux-x86_64-gnu/lib/python3.12/asyncio/base_events.py:448> created at /home/boaz/.local/share/uv/python/cpython-3.12.13-linux-x86_64-gnu/lib/python3.12/asyncio/tasks.py:420> took 0.285 seconds
Executing <Task pending name='screen_update' coro=<Timer._run_timer() running at /home/boaz/aigen/.venv/lib/python3.12/site-packages/textual/timer.py:146> wait_for=<Future pending cb=[Task.task_wakeup()] created at /home/boaz/.local/share/uv/python/cpython-3.12.13-linux-x86_64-gnu/lib/python3.12/asyncio/base_events.py:448> created at /home/boaz/.local/share/uv/python/cpython-3.12.13-linux-x86_64-gnu/lib/python3.12/asyncio/tasks.py:420> took 0.259 seconds
ok
test_selection_commits_valid_draft_and_rejects_invalid_draft (test_workflow_properties.WorkflowPropertyUITests.test_selection_commits_valid_draft_and_rejects_invalid_draft) ... Executing <Task pending name="message pump PropertyRow(classes='workflow-property-row')" coro=<MessagePump._process_messages() running at /home/boaz/aigen/.venv/lib/python3.12/site-packages/textual/message_pump.py:566> wait_for=<Future pending cb=[Task.task_wakeup()] created at /home/boaz/.local/share/uv/python/cpython-3.12.13-linux-x86_64-gnu/lib/python3.12/asyncio/base_events.py:448> created at /home/boaz/.local/share/uv/python/cpython-3.12.13-linux-x86_64-gnu/lib/python3.12/asyncio/tasks.py:420> took 0.271 seconds
Executing <Task pending name='screen_update' coro=<Timer._run_timer() running at /home/boaz/aigen/.venv/lib/python3.12/site-packages/textual/timer.py:146> wait_for=<Future pending cb=[Task.task_wakeup()] created at /home/boaz/.local/share/uv/python/cpython-3.12.13-linux-x86_64-gnu/lib/python3.12/asyncio/base_events.py:448> created at /home/boaz/.local/share/uv/python/cpython-3.12.13-linux-x86_64-gnu/lib/python3.12/asyncio/tasks.py:420> took 0.296 seconds
ok
test_content_invalidates_only_affected_branches_and_undo_restores (test_workflow_run_state.WorkflowRunStateTests.test_content_invalidates_only_affected_branches_and_undo_restores) ... ok
test_new_request_and_document_reset_statuses (test_workflow_run_state.WorkflowRunStateTests.test_new_request_and_document_reset_statuses) ... ok
test_presentation_and_connection_identity_are_not_execution_changes (test_workflow_run_state.WorkflowRunStateTests.test_presentation_and_connection_identity_are_not_execution_changes) ... ok
test_reorder_reconnect_and_removal_invalidate_descendants (test_workflow_run_state.WorkflowRunStateTests.test_reorder_reconnect_and_removal_invalidate_descendants) ... ok
test_canvas_and_batch_order_do_not_change_reference_context (test_flux2_klein_conditioning.KleinConditioningTests.test_canvas_and_batch_order_do_not_change_reference_context) ... ok
test_progress_counts_the_prepared_schedule_for_every_output (test_flux2_klein_conditioning.KleinConditioningTests.test_progress_counts_the_prepared_schedule_for_every_output) ... ok
test_reference_aspect_and_resolution_follow_upstream (test_flux2_klein_conditioning.KleinConditioningTests.test_reference_aspect_and_resolution_follow_upstream) ... ok
test_changed_backend_implementation_invalidates_cache_signature (test_generation_contracts.GenerationContractTests.test_changed_backend_implementation_invalidates_cache_signature) ... ok
test_duplicate_seeds_are_rejected_before_creating_outputs (test_generation_contracts.GenerationContractTests.test_duplicate_seeds_are_rejected_before_creating_outputs) ... ok
test_file_upscale_uses_oriented_canvas_and_loads_model_once (test_image_io_contracts.ImageIOTests.test_file_upscale_uses_oriented_canvas_and_loads_model_once) ... ok
test_sam_canvas_manual_and_automatic_inputs_share_orientation (test_image_io_contracts.ImageIOTests.test_sam_canvas_manual_and_automatic_inputs_share_orientation) ... ok
test_upscalers_preserve_rgba_palette_and_color_key_alpha (test_image_io_contracts.ImageIOTests.test_upscalers_preserve_rgba_palette_and_color_key_alpha) ... ok
test_output_is_independent_of_batch_order_and_partial_cache (test_vosr_randomness.VosrRandomnessTests.test_output_is_independent_of_batch_order_and_partial_cache) ... ok
test_every_clone_is_admitted_before_allocation (test_qwen_residency.QwenResidencyTests.test_every_clone_is_admitted_before_allocation) ... ok
test_no_clone_or_inference_replacement_when_first_block_does_not_fit (test_qwen_residency.QwenResidencyTests.test_no_clone_or_inference_replacement_when_first_block_does_not_fit) ... ok
test_reference_and_longest_text_tokens_determine_largest_case (test_qwen_residency.QwenResidencyTests.test_reference_and_longest_text_tokens_determine_largest_case) ... ok
test_weight_aliases_and_views_share_one_storage_budget (test_qwen_residency.QwenResidencyTests.test_weight_aliases_and_views_share_one_storage_budget) ... ok

----------------------------------------------------------------------
Ran 23 tests in 17.356s

OK
[Tiled Latent]: latent 16x16, tile=8, overlap=1, grid=3x3
[Tiled Latent]: latent 16x16, tile=8, overlap=1, grid=3x3
[Tiled Latent]: latent 16x16, tile=8, overlap=1, grid=3x3
[Tiled Latent]: latent 16x16, tile=8, overlap=1, grid=3x3
[Tiled Latent]: latent 16x16, tile=8, overlap=1, grid=3x3
[Tiled Latent]: latent 16x16, tile=8, overlap=1, grid=3x3
[Tiled Latent]: latent 16x16, tile=8, overlap=1, grid=3x3
