Skipping import of cpp extensions due to incompatible torch version 2.8.0+cu128 for torchao version 0.14.1             Please see https://github.com/pytorch/ao/issues/2919 for more info
2026-09-06 02:53:34.228 | INFO     | lightx2v_platform.base.base:init_ai_device:17 - Initialized AI_DEVICE: cuda
2026-09-06 02:53:34.228 | INFO     | lightx2v_platform.base.base:check_ai_device:34 - AI device for platform 'cuda' is available.
2026-09-06 02:53:34.238 | INFO     | lightx2v.common.ops.attn.draft_attn:<module>:31 - flash_attn_varlen_func_v3 not found, please install flash_attn3 first
2026-09-06 02:53:34.241 | INFO     | lightx2v.common.ops.attn.flash_attn:<module>:19 - flash_attn3 not found, please install flash_attn3 first
2026-09-06 02:53:34.244 | INFO     | lightx2v.common.ops.attn.flash_attn:<module>:26 - flash_attn.cute not found, please install flashattention4 first
2026-09-06 02:53:34.260 | INFO     | lightx2v.common.ops.attn.ring_attn:<module>:24 - sageattn3_sparse not found, to use quant_fp4 and dequant_fp4, please install sageattention sparse first
2026-09-06 02:53:34.278 | INFO     | lightx2v.common.ops.attn.sage_attn:<module>:23 - sageattn3_sparse not found, please install sageattn3_sparse first
2026-09-06 02:53:34.278 | INFO     | lightx2v.common.ops.attn.sage_attn:<module>:31 - sageattn not found, please install sageattention first
2026-09-06 02:53:34.278 | INFO     | lightx2v.common.ops.attn.sage_attn:<module>:55 - sageattn3 not found, please install sageattention first
2026-09-06 02:53:34.278 | INFO     | lightx2v.common.ops.attn.sage_attn:<module>:61 - sageattn3_sparse not found, please install sageattention sparse first
2026-09-06 02:53:34.278 | INFO     | lightx2v.common.ops.attn.sage_attn:<module>:70 - sageattention not found, please install sageattention first
2026-09-06 02:53:34.286 | INFO     | lightx2v.common.ops.attn.sla_attn:<module>:16 - flash_attn.cute not found, please install flashattention4 first
2026-09-06 02:53:34.286 | INFO     | lightx2v.common.ops.attn.sla_attn:<module>:22 - sageattn3_sparse not found, please install sageattn3_sparse first
2026-09-06 02:53:34.289 | INFO     | lightx2v.common.ops.attn.sparse_operator:<module>:14 - flash_attn.cute not found, please install flashattention4 first
2026-09-06 02:53:34.289 | INFO     | lightx2v.common.ops.attn.sparse_operator:<module>:20 - sageattn3_sparse not found, please install sageattn3_sparse first
2026-09-06 02:53:34.297 | INFO     | lightx2v.common.ops.attn.ulysses_attn:<module>:15 - sageattn3_sparse not found, to use quant_fp4 and dequant_fp4, please install sageattention sparse first
2026-09-06 02:53:35.609 | INFO     | lightx2v.models.runners.wan.wan_animate_runner:<module>:14 - If you want to run animate model, please install decord.
test_conditioner_preserves_vae_resolution_and_upstream_semantic_context (test_qwen_reference_resolution.QwenReferenceResolutionTests.test_conditioner_preserves_vae_resolution_and_upstream_semantic_context) ... ok
test_explicit_legacy_input_limit_keeps_existing_fitting (test_qwen_reference_resolution.QwenReferenceResolutionTests.test_explicit_legacy_input_limit_keeps_existing_fitting) ... ok
test_native_inputs_keep_dimensions_and_order_through_staging (test_qwen_reference_resolution.QwenReferenceResolutionTests.test_native_inputs_keep_dimensions_and_order_through_staging) ... ok
test_reference_pixels_follow_display_orientation (test_qwen_reference_resolution.QwenReferenceResolutionTests.test_reference_pixels_follow_display_orientation) ... ok

----------------------------------------------------------------------
Ran 4 tests in 0.627s

OK
spas_sage_attn is not installed.
