{"gpu_preflight": {"nvidia_smi_used_mb": 1201, "nvidia_smi_device_total_mb": 16303, "nvidia_smi_utilization_gpu": 3}, "free_mib": 15102}
{"phase": "starting", "completed": 0, "total": 0, "elapsed_seconds": 3.062399628106505e-05, "remaining_seconds": null, "final": false, "cpu_percent": 0.0, "gpu_percent": 3, "vram_used_mb": 1201, "vram_total_mb": 16303, "process_rss_mib": 514.86328125, "host_available_mib": 88053.7421875, "swap_used_mib": 653.19140625, "swap_in_bytes": 224530432, "swap_out_bytes": 1813725184}
{"phase": "starting USO worker", "completed": 0, "total": 0, "elapsed_seconds": 1.0353749099886045, "remaining_seconds": null, "final": false, "cpu_percent": 18.93203883495146, "gpu_percent": 3, "vram_used_mb": 1201, "vram_total_mb": 16303, "process_rss_mib": 546.12109375, "host_available_mib": 87722.59765625, "swap_used_mib": 653.18359375, "swap_in_bytes": 224534528, "swap_out_bytes": 1813725184}
{"phase": "loading official USO FP8 pipeline", "completed": 0, "total": 0, "elapsed_seconds": 6.242913273992599, "remaining_seconds": null, "final": false, "cpu_percent": 8.47457627118644, "gpu_percent": 6, "vram_used_mb": 1678, "vram_total_mb": 16303, "process_rss_mib": 546.14453125, "host_available_mib": 87174.453125, "swap_used_mib": 653.16015625, "swap_in_bytes": 224534528, "swap_out_bytes": 1813725184}
{"phase": "generating USO seed sweep", "completed": 0, "total": 1, "elapsed_seconds": 66.68425572899287, "remaining_seconds": null, "final": false, "cpu_percent": 11.860353897656628, "gpu_percent": 4, "vram_used_mb": 12735, "vram_total_mb": 16303, "process_rss_mib": 546.19921875, "host_available_mib": 75951.46484375, "swap_used_mib": 657.2890625, "swap_in_bytes": 224616448, "swap_out_bytes": 1818116096}
{"phase": "failed", "completed": 0, "total": 1, "elapsed_seconds": 132.04462570098985, "remaining_seconds": null, "final": true, "cpu_percent": 4.308093994778073, "gpu_percent": 3, "vram_used_mb": 699, "vram_total_mb": 16303, "process_rss_mib": 546.2421875, "host_available_mib": 87974.94140625, "swap_used_mib": 655.78125, "swap_in_bytes": 226676736, "swap_out_bytes": 1818238976}
{"status": "failed", "result": "/home/boaz/aigen/runs/evidence/pipeline-fixes-2026-09-06/gpu-acceptance/uso-v2/result.json"}
Traceback (most recent call last):
  File "/home/boaz/aigen/aigen/generation/image_edit.py", line 805, in _run_uso_flux1
    results = generate_uso_flux1_seed_sweep(
              ^^^^^^^^^^^^^^^^^^^^^^^^^^^^^^
  File "/home/boaz/aigen/aigen/generation/uso_flux1.py", line 133, in generate_uso_flux1_seed_sweep
    responses = _run_worker(
                ^^^^^^^^^^^^
  File "/home/boaz/aigen/aigen/generation/uso_flux1.py", line 344, in _run_worker
    raise UsoFlux1Error(f"USO generation failed: {message}")
aigen.generation.uso_flux1.UsoFlux1Error: USO generation failed: CUDA error: out of memory
Search for `cudaErrorMemoryAllocation' in https://docs.nvidia.com/cuda/cuda-runtime-api/group__CUDART__TYPES.html for more information.
CUDA kernel errors might be asynchronously reported at some other API call, so the stacktrace below might be incorrect.
For debugging consider passing CUDA_LAUNCH_BLOCKING=1
Compile with `TORCH_USE_CUDA_DSA` to enable device-side assertions.


The above exception was the direct cause of the following exception:

Traceback (most recent call last):
  File "/home/boaz/aigen/runs/evidence/pipeline-fixes-2026-09-06/gpu-acceptance/probe.py", line 186, in <module>
    main()
  File "/home/boaz/aigen/runs/evidence/pipeline-fixes-2026-09-06/gpu-acceptance/probe.py", line 164, in main
    output["result"] = runner(config, job, directory, progress)
                       ^^^^^^^^^^^^^^^^^^^^^^^^^^^^^^^^^^^^^^^^
  File "/home/boaz/aigen/runs/evidence/pipeline-fixes-2026-09-06/gpu-acceptance/application_probes.py", line 13, in run_image_edit
    result = run_image_edit(ImageEditRequest(
             ^^^^^^^^^^^^^^^^^^^^^^^^^^^^^^^^
  File "/home/boaz/aigen/aigen/generation/image_edit.py", line 488, in run_image_edit
    backend_result = _run_uso_flux1(
                     ^^^^^^^^^^^^^^^
  File "/home/boaz/aigen/aigen/generation/image_edit.py", line 817, in _run_uso_flux1
    raise ImageEditError(str(error)) from error
aigen.generation.image_edit.ImageEditError: USO generation failed: CUDA error: out of memory
Search for `cudaErrorMemoryAllocation' in https://docs.nvidia.com/cuda/cuda-runtime-api/group__CUDART__TYPES.html for more information.
CUDA kernel errors might be asynchronously reported at some other API call, so the stacktrace below might be incorrect.
For debugging consider passing CUDA_LAUNCH_BLOCKING=1
Compile with `TORCH_USE_CUDA_DSA` to enable device-side assertions.

