{"gpu_preflight": {"nvidia_smi_used_mb": 777, "nvidia_smi_device_total_mb": 16303, "nvidia_smi_utilization_gpu": 3}, "free_mib": 15526}
{"phase": "starting", "completed": 0, "total": 0, "elapsed_seconds": 3.6802011891268194e-05, "remaining_seconds": null, "final": false, "cpu_percent": 0.0, "gpu_percent": 3, "vram_used_mb": 777, "vram_total_mb": 16303, "process_rss_mib": 515.41015625, "host_available_mib": 87832.703125, "swap_used_mib": 365.51953125, "swap_in_bytes": 185675776, "swap_out_bytes": 1487200256}
{"phase": "starting USO worker", "completed": 0, "total": 0, "elapsed_seconds": 1.0413144860067405, "remaining_seconds": null, "final": false, "cpu_percent": 18.168744007670178, "gpu_percent": 2, "vram_used_mb": 777, "vram_total_mb": 16303, "process_rss_mib": 546.75, "host_available_mib": 87504.79296875, "swap_used_mib": 365.51953125, "swap_in_bytes": 185675776, "swap_out_bytes": 1487200256}
{"phase": "loading official USO FP8 pipeline", "completed": 0, "total": 0, "elapsed_seconds": 4.179400193999754, "remaining_seconds": null, "final": false, "cpu_percent": 7.516650808753567, "gpu_percent": 2, "vram_used_mb": 1254, "vram_total_mb": 16303, "process_rss_mib": 546.76953125, "host_available_mib": 87023.48828125, "swap_used_mib": 365.51953125, "swap_in_bytes": 185675776, "swap_out_bytes": 1487200256}
{"phase": "generating USO seed sweep", "completed": 0, "total": 1, "elapsed_seconds": 43.225533051008824, "remaining_seconds": null, "final": false, "cpu_percent": 9.586466165413531, "gpu_percent": 5, "vram_used_mb": 12533, "vram_total_mb": 16303, "process_rss_mib": 546.8046875, "host_available_mib": 75558.9375, "swap_used_mib": 392.65234375, "swap_in_bytes": 185675776, "swap_out_bytes": 1514885120}
{"phase": "failed", "completed": 0, "total": 1, "elapsed_seconds": 70.99764813300862, "remaining_seconds": null, "final": true, "cpu_percent": 4.456824512534818, "gpu_percent": 3, "vram_used_mb": 757, "vram_total_mb": 16303, "process_rss_mib": 546.828125, "host_available_mib": 87548.38671875, "swap_used_mib": 405.65625, "swap_in_bytes": 185679872, "swap_out_bytes": 1528262656}
{"status": "failed", "result": "/home/boaz/aigen/runs/evidence/pipeline-fixes-2026-09-06/gpu-acceptance/uso/result.json"}
Traceback (most recent call last):
  File "/home/boaz/aigen/aigen/generation/image_edit.py", line 805, in _run_uso_flux1
    results = generate_uso_flux1_seed_sweep(
              ^^^^^^^^^^^^^^^^^^^^^^^^^^^^^^
  File "/home/boaz/aigen/aigen/generation/uso_flux1.py", line 133, in generate_uso_flux1_seed_sweep
    responses = _run_worker(
                ^^^^^^^^^^^^
  File "/home/boaz/aigen/aigen/generation/uso_flux1.py", line 344, in _run_worker
    raise UsoFlux1Error(f"USO generation failed: {message}")
aigen.generation.uso_flux1.UsoFlux1Error: USO generation failed: CUDA error: out of memory
Search for `cudaErrorMemoryAllocation' in https://docs.nvidia.com/cuda/cuda-runtime-api/group__CUDART__TYPES.html for more information.
CUDA kernel errors might be asynchronously reported at some other API call, so the stacktrace below might be incorrect.
For debugging consider passing CUDA_LAUNCH_BLOCKING=1
Compile with `TORCH_USE_CUDA_DSA` to enable device-side assertions.


The above exception was the direct cause of the following exception:

Traceback (most recent call last):
  File "/home/boaz/aigen/runs/evidence/pipeline-fixes-2026-09-06/gpu-acceptance/probe.py", line 186, in <module>
    main()
  File "/home/boaz/aigen/runs/evidence/pipeline-fixes-2026-09-06/gpu-acceptance/probe.py", line 164, in main
    output["result"] = runner(config, job, directory, progress)
                       ^^^^^^^^^^^^^^^^^^^^^^^^^^^^^^^^^^^^^^^^
  File "/home/boaz/aigen/runs/evidence/pipeline-fixes-2026-09-06/gpu-acceptance/application_probes.py", line 13, in run_image_edit
    result = run_image_edit(ImageEditRequest(
             ^^^^^^^^^^^^^^^^^^^^^^^^^^^^^^^^
  File "/home/boaz/aigen/aigen/generation/image_edit.py", line 488, in run_image_edit
    backend_result = _run_uso_flux1(
                     ^^^^^^^^^^^^^^^
  File "/home/boaz/aigen/aigen/generation/image_edit.py", line 817, in _run_uso_flux1
    raise ImageEditError(str(error)) from error
aigen.generation.image_edit.ImageEditError: USO generation failed: CUDA error: out of memory
Search for `cudaErrorMemoryAllocation' in https://docs.nvidia.com/cuda/cuda-runtime-api/group__CUDART__TYPES.html for more information.
CUDA kernel errors might be asynchronously reported at some other API call, so the stacktrace below might be incorrect.
For debugging consider passing CUDA_LAUNCH_BLOCKING=1
Compile with `TORCH_USE_CUDA_DSA` to enable device-side assertions.

