{"label": "continuation", "gpu_free_mib": 5054}
Traceback (most recent call last):
  File "/home/boaz/aigen/runs/evidence/pipeline-fixes-2026-09-06/image-flow-acceptance/tui_probe.py", line 186, in <module>
    asyncio.run(run(parser.parse_args()))
  File "/home/boaz/.local/share/uv/python/cpython-3.12.13-linux-x86_64-gnu/lib/python3.12/asyncio/runners.py", line 195, in run
    return runner.run(main)
           ^^^^^^^^^^^^^^^^
  File "/home/boaz/.local/share/uv/python/cpython-3.12.13-linux-x86_64-gnu/lib/python3.12/asyncio/runners.py", line 118, in run
    return self._loop.run_until_complete(task)
           ^^^^^^^^^^^^^^^^^^^^^^^^^^^^^^^^^^^
  File "/home/boaz/.local/share/uv/python/cpython-3.12.13-linux-x86_64-gnu/lib/python3.12/asyncio/base_events.py", line 691, in run_until_complete
    return future.result()
           ^^^^^^^^^^^^^^^
  File "/home/boaz/aigen/runs/evidence/pipeline-fixes-2026-09-06/image-flow-acceptance/tui_probe.py", line 161, in run
    result = await run_action(app, editor, pilot, "#workflow-run", directory, "continuation", config["min_free_mib"])
             ^^^^^^^^^^^^^^^^^^^^^^^^^^^^^^^^^^^^^^^^^^^^^^^^^^^^^^^^^^^^^^^^^^^^^^^^^^^^^^^^^^^^^^^^^^^^^^^^^^^^^^^^
  File "/home/boaz/aigen/runs/evidence/pipeline-fixes-2026-09-06/image-flow-acceptance/tui_probe.py", line 57, in run_action
    assert free >= minimum, f"GPU occupied: {free} MiB free, need {minimum}"
           ^^^^^^^^^^^^^^^
AssertionError: GPU occupied: 5054 MiB free, need 12000
