2026-09-06 08:54:59.856 | INFO     | lightx2v_platform.base.base:init_ai_device:17 - Initialized AI_DEVICE: cuda
2026-09-06 08:54:59.856 | INFO     | lightx2v_platform.base.base:check_ai_device:34 - AI device for platform 'cuda' is available.
2026-09-06 08:54:59.892 | INFO     | lightx2v.common.ops.attn.draft_attn:<module>:31 - flash_attn_varlen_func_v3 not found, please install flash_attn3 first
2026-09-06 08:54:59.896 | INFO     | lightx2v.common.ops.attn.flash_attn:<module>:19 - flash_attn3 not found, please install flash_attn3 first
2026-09-06 08:54:59.897 | INFO     | lightx2v.common.ops.attn.flash_attn:<module>:26 - flash_attn.cute not found, please install flashattention4 first
2026-09-06 08:54:59.910 | INFO     | lightx2v.common.ops.attn.ring_attn:<module>:24 - sageattn3_sparse not found, to use quant_fp4 and dequant_fp4, please install sageattention sparse first
2026-09-06 08:54:59.915 | INFO     | lightx2v.common.ops.attn.sage_attn:<module>:23 - sageattn3_sparse not found, please install sageattn3_sparse first
2026-09-06 08:54:59.951 | INFO     | lightx2v.common.ops.attn.sage_attn:<module>:31 - sageattn not found, please install sageattention first
2026-09-06 08:54:59.951 | INFO     | lightx2v.common.ops.attn.sage_attn:<module>:55 - sageattn3 not found, please install sageattention first
2026-09-06 08:54:59.951 | INFO     | lightx2v.common.ops.attn.sage_attn:<module>:61 - sageattn3_sparse not found, please install sageattention sparse first
2026-09-06 08:54:59.951 | INFO     | lightx2v.common.ops.attn.sage_attn:<module>:70 - sageattention not found, please install sageattention first
2026-09-06 08:54:59.958 | INFO     | lightx2v.common.ops.attn.sla_attn:<module>:16 - flash_attn.cute not found, please install flashattention4 first
2026-09-06 08:54:59.958 | INFO     | lightx2v.common.ops.attn.sla_attn:<module>:22 - sageattn3_sparse not found, please install sageattn3_sparse first
2026-09-06 08:54:59.963 | INFO     | lightx2v.common.ops.attn.sparse_operator:<module>:14 - flash_attn.cute not found, please install flashattention4 first
2026-09-06 08:54:59.963 | INFO     | lightx2v.common.ops.attn.sparse_operator:<module>:20 - sageattn3_sparse not found, please install sageattn3_sparse first
2026-09-06 08:54:59.969 | INFO     | lightx2v.common.ops.attn.ulysses_attn:<module>:15 - sageattn3_sparse not found, to use quant_fp4 and dequant_fp4, please install sageattention sparse first
Skipping import of cpp extensions due to incompatible torch version 2.8.0+cu128 for torchao version 0.14.1             Please see https://github.com/pytorch/ao/issues/2919 for more info
2026-09-06 08:55:03.187 | INFO     | lightx2v.models.runners.wan.wan_animate_runner:<module>:14 - If you want to run animate model, please install decord.
test_mask_keeps_four_spatial_values_per_packed_token (test_qwen_masked_sampling.QwenMaskedSamplingTests.test_mask_keeps_four_spatial_values_per_packed_token) ... ok
test_native_strength_rounding_and_zero_step_rejection (test_qwen_masked_sampling.QwenMaskedSamplingTests.test_native_strength_rounding_and_zero_step_rejection) ... ok
test_source_shape_error_is_not_resized_or_selected_from_references (test_qwen_masked_sampling.QwenMaskedSamplingTests.test_source_shape_error_is_not_resized_or_selected_from_references) ... ok
test_strength_initializes_whole_canvas_and_every_step_uses_next_sigma (test_qwen_masked_sampling.QwenMaskedSamplingTests.test_strength_initializes_whole_canvas_and_every_step_uses_next_sigma) ... ok
test_unmasked_default_matches_the_native_euler_scheduler (test_qwen_masked_sampling.QwenMaskedSamplingTests.test_unmasked_default_matches_the_native_euler_scheduler) ... ok

----------------------------------------------------------------------
Ran 5 tests in 0.007s

OK
spas_sage_attn is not installed.
