test_actual_backend_switch_applies_new_defaults (test_workflow_properties.WorkflowPropertyBufferTests.test_actual_backend_switch_applies_new_defaults) ... ok
test_same_values_preserve_custom_settings_and_redo (test_workflow_properties.WorkflowPropertyBufferTests.test_same_values_preserve_custom_settings_and_redo) ... ok
test_cpu_run_cache_status_edits_reopen_and_stop (test_workflow_properties.WorkflowPropertyUITests.test_cpu_run_cache_status_edits_reopen_and_stop) ... Executing <Task pending name="message pump FormFields(id='image-fields', classes='form-fields')" coro=<MessagePump._process_messages() running at /home/boaz/aigen/.venv/lib/python3.12/site-packages/textual/message_pump.py:566> wait_for=<Future pending cb=[Task.task_wakeup()] created at /home/boaz/.local/share/uv/python/cpython-3.12.13-linux-x86_64-gnu/lib/python3.12/asyncio/base_events.py:448> created at /home/boaz/.local/share/uv/python/cpython-3.12.13-linux-x86_64-gnu/lib/python3.12/asyncio/tasks.py:420> took 0.185 seconds
Executing <Task pending name="message pump Button(id='workflow-connection-earlier', classes='-style-default -textual-compact workflow-edit-control')" coro=<MessagePump._process_messages() running at /home/boaz/aigen/.venv/lib/python3.12/site-packages/textual/message_pump.py:571> wait_for=<Future pending cb=[Task.task_wakeup()] created at /home/boaz/.local/share/uv/python/cpython-3.12.13-linux-x86_64-gnu/lib/python3.12/asyncio/base_events.py:448> created at /home/boaz/.local/share/uv/python/cpython-3.12.13-linux-x86_64-gnu/lib/python3.12/asyncio/tasks.py:420> took 0.217 seconds
Executing <Task pending name='screen_update' coro=<Timer._run_timer() running at /home/boaz/aigen/.venv/lib/python3.12/site-packages/textual/timer.py:146> wait_for=<Future pending cb=[Task.task_wakeup()] created at /home/boaz/.local/share/uv/python/cpython-3.12.13-linux-x86_64-gnu/lib/python3.12/asyncio/base_events.py:448> created at /home/boaz/.local/share/uv/python/cpython-3.12.13-linux-x86_64-gnu/lib/python3.12/asyncio/tasks.py:420> took 0.233 seconds
ok
test_implicit_defaults_compile_open_and_round_trip (test_workflow_properties.WorkflowPropertyUITests.test_implicit_defaults_compile_open_and_round_trip) ... Executing <Task pending name="message pump FieldRow(classes='field-row')" coro=<MessagePump._process_messages() running at /home/boaz/aigen/.venv/lib/python3.12/site-packages/textual/message_pump.py:566> wait_for=<Future pending cb=[Task.task_wakeup()] created at /home/boaz/.local/share/uv/python/cpython-3.12.13-linux-x86_64-gnu/lib/python3.12/asyncio/base_events.py:448> created at /home/boaz/.local/share/uv/python/cpython-3.12.13-linux-x86_64-gnu/lib/python3.12/asyncio/tasks.py:420> took 0.287 seconds
Executing <Task pending name="message pump Screen(id='_default')" coro=<MessagePump._process_messages() running at /home/boaz/aigen/.venv/lib/python3.12/site-packages/textual/message_pump.py:571> wait_for=<Future pending cb=[Task.task_wakeup()] created at /home/boaz/.local/share/uv/python/cpython-3.12.13-linux-x86_64-gnu/lib/python3.12/asyncio/base_events.py:448> created at /home/boaz/.local/share/uv/python/cpython-3.12.13-linux-x86_64-gnu/lib/python3.12/asyncio/tasks.py:420> took 0.100 seconds
Executing <Task pending name='screen_update' coro=<Timer._run_timer() running at /home/boaz/aigen/.venv/lib/python3.12/site-packages/textual/timer.py:146> wait_for=<Future pending cb=[Task.task_wakeup()] created at /home/boaz/.local/share/uv/python/cpython-3.12.13-linux-x86_64-gnu/lib/python3.12/asyncio/base_events.py:448> created at /home/boaz/.local/share/uv/python/cpython-3.12.13-linux-x86_64-gnu/lib/python3.12/asyncio/tasks.py:420> took 0.320 seconds
Executing <Task pending name='screen_update' coro=<Timer._run_timer() running at /home/boaz/aigen/.venv/lib/python3.12/site-packages/textual/timer.py:146> wait_for=<Future pending cb=[Task.task_wakeup()] created at /home/boaz/.local/share/uv/python/cpython-3.12.13-linux-x86_64-gnu/lib/python3.12/asyncio/base_events.py:448> created at /home/boaz/.local/share/uv/python/cpython-3.12.13-linux-x86_64-gnu/lib/python3.12/asyncio/tasks.py:420> took 0.314 seconds
ok
test_open_select_save_undo_redo_preserve_settings (test_workflow_properties.WorkflowPropertyUITests.test_open_select_save_undo_redo_preserve_settings) ... Executing <Task pending name='message pump SelectCurrent()' coro=<MessagePump._process_messages() running at /home/boaz/aigen/.venv/lib/python3.12/site-packages/textual/message_pump.py:566> wait_for=<Future pending cb=[Task.task_wakeup()] created at /home/boaz/.local/share/uv/python/cpython-3.12.13-linux-x86_64-gnu/lib/python3.12/asyncio/base_events.py:448> created at /home/boaz/.local/share/uv/python/cpython-3.12.13-linux-x86_64-gnu/lib/python3.12/asyncio/tasks.py:420> took 0.362 seconds
Executing <Task pending name="message pump PropertyRow(classes='workflow-property-row')" coro=<MessagePump._process_messages() running at /home/boaz/aigen/.venv/lib/python3.12/site-packages/textual/message_pump.py:566> wait_for=<Future pending cb=[Task.task_wakeup()] created at /home/boaz/.local/share/uv/python/cpython-3.12.13-linux-x86_64-gnu/lib/python3.12/asyncio/base_events.py:448> created at /home/boaz/.local/share/uv/python/cpython-3.12.13-linux-x86_64-gnu/lib/python3.12/asyncio/tasks.py:420> took 0.338 seconds
ok
test_selection_commits_valid_draft_and_rejects_invalid_draft (test_workflow_properties.WorkflowPropertyUITests.test_selection_commits_valid_draft_and_rejects_invalid_draft) ... Executing <Task pending name="message pump Screen(id='_default')" coro=<MessagePump._process_messages() running at /home/boaz/aigen/.venv/lib/python3.12/site-packages/textual/message_pump.py:571> wait_for=<Future pending cb=[Task.task_wakeup()] created at /home/boaz/.local/share/uv/python/cpython-3.12.13-linux-x86_64-gnu/lib/python3.12/asyncio/base_events.py:448> created at /home/boaz/.local/share/uv/python/cpython-3.12.13-linux-x86_64-gnu/lib/python3.12/asyncio/tasks.py:420> took 0.469 seconds
Executing <Task pending name='screen_update' coro=<Timer._run_timer() running at /home/boaz/aigen/.venv/lib/python3.12/site-packages/textual/timer.py:146> wait_for=<Future pending cb=[Task.task_wakeup()] created at /home/boaz/.local/share/uv/python/cpython-3.12.13-linux-x86_64-gnu/lib/python3.12/asyncio/base_events.py:448> created at /home/boaz/.local/share/uv/python/cpython-3.12.13-linux-x86_64-gnu/lib/python3.12/asyncio/tasks.py:420> took 0.299 seconds
ok
test_content_invalidates_only_affected_branches_and_undo_restores (test_workflow_run_state.WorkflowRunStateTests.test_content_invalidates_only_affected_branches_and_undo_restores) ... ok
test_new_request_and_document_reset_statuses (test_workflow_run_state.WorkflowRunStateTests.test_new_request_and_document_reset_statuses) ... ok
test_presentation_and_connection_identity_are_not_execution_changes (test_workflow_run_state.WorkflowRunStateTests.test_presentation_and_connection_identity_are_not_execution_changes) ... ok
test_reorder_reconnect_and_removal_invalidate_descendants (test_workflow_run_state.WorkflowRunStateTests.test_reorder_reconnect_and_removal_invalidate_descendants) ... ok
test_canvas_and_batch_order_do_not_change_reference_context (test_flux2_klein_conditioning.KleinConditioningTests.test_canvas_and_batch_order_do_not_change_reference_context) ... ok
test_progress_counts_the_prepared_schedule_for_every_output (test_flux2_klein_conditioning.KleinConditioningTests.test_progress_counts_the_prepared_schedule_for_every_output) ... ok
test_reference_aspect_and_resolution_follow_upstream (test_flux2_klein_conditioning.KleinConditioningTests.test_reference_aspect_and_resolution_follow_upstream) ... ok
test_changed_backend_implementation_invalidates_cache_signature (test_generation_contracts.GenerationContractTests.test_changed_backend_implementation_invalidates_cache_signature) ... ok
test_duplicate_seeds_are_rejected_before_creating_outputs (test_generation_contracts.GenerationContractTests.test_duplicate_seeds_are_rejected_before_creating_outputs) ... ok
test_file_upscale_uses_oriented_canvas_and_loads_model_once (test_image_io_contracts.ImageIOTests.test_file_upscale_uses_oriented_canvas_and_loads_model_once) ... ok
test_sam_canvas_manual_and_automatic_inputs_share_orientation (test_image_io_contracts.ImageIOTests.test_sam_canvas_manual_and_automatic_inputs_share_orientation) ... ok
test_upscalers_preserve_rgba_palette_and_color_key_alpha (test_image_io_contracts.ImageIOTests.test_upscalers_preserve_rgba_palette_and_color_key_alpha) ... ok
test_output_is_independent_of_batch_order_and_partial_cache (test_vosr_randomness.VosrRandomnessTests.test_output_is_independent_of_batch_order_and_partial_cache) ... ok
test_every_clone_is_admitted_before_allocation (test_qwen_residency.QwenResidencyTests.test_every_clone_is_admitted_before_allocation) ... ok
test_no_clone_or_inference_replacement_when_first_block_does_not_fit (test_qwen_residency.QwenResidencyTests.test_no_clone_or_inference_replacement_when_first_block_does_not_fit) ... ok
test_reference_and_longest_text_tokens_determine_largest_case (test_qwen_residency.QwenResidencyTests.test_reference_and_longest_text_tokens_determine_largest_case) ... ok
test_weight_aliases_and_views_share_one_storage_budget (test_qwen_residency.QwenResidencyTests.test_weight_aliases_and_views_share_one_storage_budget) ... ok
test_existing_model_replacement_is_visible_in_the_same_process (test_model_artifact_identity.ModelArtifactIdentityTests.test_existing_model_replacement_is_visible_in_the_same_process) ... ok
test_klein_inventory_detects_added_conditioner_files (test_model_artifact_identity.ModelArtifactIdentityTests.test_klein_inventory_detects_added_conditioner_files) ... ok
test_qwen_and_vosr_cache_tracks_active_local_checkpoints (test_model_artifact_identity.ModelArtifactIdentityTests.test_qwen_and_vosr_cache_tracks_active_local_checkpoints) ... ok
test_segmentation_cache_uses_only_the_selected_engine_runtime (test_model_artifact_identity.ModelArtifactIdentityTests.test_segmentation_cache_uses_only_the_selected_engine_runtime) ... ok
test_uso_cache_tracks_all_worker_model_paths_and_processor_files (test_model_artifact_identity.ModelArtifactIdentityTests.test_uso_cache_tracks_all_worker_model_paths_and_processor_files) ... ok
test_batch_failure_keeps_completed_candidate_and_resumes_other_seed (test_workflow_image_flow.ImageFlowTests.test_batch_failure_keeps_completed_candidate_and_resumes_other_seed) ... ok
test_legacy_identity_roundtrip_undo_and_rename (test_workflow_image_flow.ImageFlowTests.test_legacy_identity_roundtrip_undo_and_rename) ... ok
test_old_result_without_content_hash_still_resolves_against_immutable_cache (test_workflow_image_flow.ImageFlowTests.test_old_result_without_content_hash_still_resolves_against_immutable_cache) ... ok
test_random_selection_survives_reload_and_cuts_generator_dependencies (test_workflow_image_flow.ImageFlowTests.test_random_selection_survives_reload_and_cuts_generator_dependencies) ... ok
test_seed_granularity_history_and_original_metadata (test_workflow_image_flow.ImageFlowTests.test_seed_granularity_history_and_original_metadata) ... ok
test_unselected_continuation_fails_before_generation (test_workflow_image_flow.ImageFlowTests.test_unselected_continuation_fails_before_generation) ... ok
test_cli_collection_history_selection_export_and_continuation_after_restart (test_workflow_results_tui.WorkflowResultsUITests.test_cli_collection_history_selection_export_and_continuation_after_restart) ... Executing <Task pending name='message pump WorkflowEditor()' coro=<MessagePump._process_messages() running at /home/boaz/aigen/.venv/lib/python3.12/site-packages/textual/message_pump.py:571> wait_for=<Future pending cb=[Task.task_wakeup()] created at /home/boaz/.local/share/uv/python/cpython-3.12.13-linux-x86_64-gnu/lib/python3.12/asyncio/base_events.py:448> created at /home/boaz/.local/share/uv/python/cpython-3.12.13-linux-x86_64-gnu/lib/python3.12/asyncio/tasks.py:420> took 0.288 seconds
Executing <Task pending name='screen_update' coro=<Timer._run_timer() running at /home/boaz/aigen/.venv/lib/python3.12/site-packages/textual/timer.py:146> wait_for=<Future pending cb=[Task.task_wakeup()] created at /home/boaz/.local/share/uv/python/cpython-3.12.13-linux-x86_64-gnu/lib/python3.12/asyncio/base_events.py:448> created at /home/boaz/.local/share/uv/python/cpython-3.12.13-linux-x86_64-gnu/lib/python3.12/asyncio/tasks.py:420> took 0.279 seconds
Executing <Task pending name='message pump ContentTabs()' coro=<MessagePump._process_messages() running at /home/boaz/aigen/.venv/lib/python3.12/site-packages/textual/message_pump.py:566> wait_for=<Future pending cb=[Task.task_wakeup()] created at /home/boaz/.local/share/uv/python/cpython-3.12.13-linux-x86_64-gnu/lib/python3.12/asyncio/base_events.py:448> created at /home/boaz/.local/share/uv/python/cpython-3.12.13-linux-x86_64-gnu/lib/python3.12/asyncio/tasks.py:420> took 0.282 seconds
Executing <Task pending name='screen_update' coro=<Timer._run_timer() running at /home/boaz/aigen/.venv/lib/python3.12/site-packages/textual/timer.py:146> wait_for=<Future pending cb=[Task.task_wakeup()] created at /home/boaz/.local/share/uv/python/cpython-3.12.13-linux-x86_64-gnu/lib/python3.12/asyncio/base_events.py:448> created at /home/boaz/.local/share/uv/python/cpython-3.12.13-linux-x86_64-gnu/lib/python3.12/asyncio/tasks.py:420> took 0.365 seconds
ok
test_run_telemetry_does_not_overwrite_active_node_progress (test_workflow_results_tui.WorkflowResultsUITests.test_run_telemetry_does_not_overwrite_active_node_progress) ... Executing <Task pending name="message pump FieldRow(classes='field-row')" coro=<MessagePump._process_messages() running at /home/boaz/aigen/.venv/lib/python3.12/site-packages/textual/message_pump.py:566> wait_for=<Future pending cb=[Task.task_wakeup()] created at /home/boaz/.local/share/uv/python/cpython-3.12.13-linux-x86_64-gnu/lib/python3.12/asyncio/base_events.py:448> created at /home/boaz/.local/share/uv/python/cpython-3.12.13-linux-x86_64-gnu/lib/python3.12/asyncio/tasks.py:420> took 0.407 seconds
ok
test_seed_variants_dialog_is_one_undo_edit (test_workflow_results_tui.WorkflowResultsUITests.test_seed_variants_dialog_is_one_undo_edit) ... Executing <Task pending name="message pump Select(classes='field-editor -textual-compact')" coro=<MessagePump._process_messages() running at /home/boaz/aigen/.venv/lib/python3.12/site-packages/textual/message_pump.py:566> wait_for=<Future pending cb=[Task.task_wakeup()] created at /home/boaz/.local/share/uv/python/cpython-3.12.13-linux-x86_64-gnu/lib/python3.12/asyncio/base_events.py:448> created at /home/boaz/.local/share/uv/python/cpython-3.12.13-linux-x86_64-gnu/lib/python3.12/asyncio/tasks.py:420> took 0.314 seconds
Executing <Task pending name='screen_update' coro=<Timer._run_timer() running at /home/boaz/aigen/.venv/lib/python3.12/site-packages/textual/timer.py:146> wait_for=<Future pending cb=[Task.task_wakeup()] created at /home/boaz/.local/share/uv/python/cpython-3.12.13-linux-x86_64-gnu/lib/python3.12/asyncio/base_events.py:448> created at /home/boaz/.local/share/uv/python/cpython-3.12.13-linux-x86_64-gnu/lib/python3.12/asyncio/tasks.py:420> took 0.329 seconds
ok
test_form_import_preserves_cli_whitespace_default_seed_and_input_order (test_workflow_result_contracts.WorkflowResultContractTests.test_form_import_preserves_cli_whitespace_default_seed_and_input_order) ... ok
test_replaced_or_unverifiable_historical_inputs_never_show_current_pixels (test_workflow_result_contracts.WorkflowResultContractTests.test_replaced_or_unverifiable_historical_inputs_never_show_current_pixels) ... ok
test_fractional_cfr_and_transparent_frames (test_video_timing.VideoTimingTests.test_fractional_cfr_and_transparent_frames) ... ok
test_preserve_audio_origin_and_replace_with_second_stream_without_shortening_video (test_video_timing.VideoTimingTests.test_preserve_audio_origin_and_replace_with_second_stream_without_shortening_video) ... ok
test_vfr_extract_assemble_retains_every_frame_time_and_order (test_video_timing.VideoTimingTests.test_vfr_extract_assemble_retains_every_frame_time_and_order) ... ok
test_import_process_assemble_reuses_pixels_but_carries_current_timing_and_audio (test_workflow_video_flow.WorkflowVideoTests.test_import_process_assemble_reuses_pixels_but_carries_current_timing_and_audio) ... ok
test_metadata_cache_is_content_and_decoder_revision_addressed (test_workflow_video_flow.WorkflowVideoTests.test_metadata_cache_is_content_and_decoder_revision_addressed) ... ok
test_moved_source_reuses_extraction_with_current_audio_location (test_workflow_video_flow.WorkflowVideoTests.test_moved_source_reuses_extraction_with_current_audio_location) ... ok
test_cli_video_history_open_export_and_portable_frame_archive (test_workflow_video_tui.WorkflowVideoUITests.test_cli_video_history_open_export_and_portable_frame_archive) ... Executing <Task pending name='screen_update' coro=<Timer._run_timer() running at /home/boaz/aigen/.venv/lib/python3.12/site-packages/textual/timer.py:146> wait_for=<Future pending cb=[Task.task_wakeup()] created at /home/boaz/.local/share/uv/python/cpython-3.12.13-linux-x86_64-gnu/lib/python3.12/asyncio/base_events.py:448> created at /home/boaz/.local/share/uv/python/cpython-3.12.13-linux-x86_64-gnu/lib/python3.12/asyncio/tasks.py:420> took 0.323 seconds
Executing <Task pending name="message pump Container(classes='workflow-property-controls')" coro=<MessagePump._process_messages() running at /home/boaz/aigen/.venv/lib/python3.12/site-packages/textual/message_pump.py:566> wait_for=<Future pending cb=[Task.task_wakeup()] created at /home/boaz/.local/share/uv/python/cpython-3.12.13-linux-x86_64-gnu/lib/python3.12/asyncio/base_events.py:448> created at /home/boaz/.local/share/uv/python/cpython-3.12.13-linux-x86_64-gnu/lib/python3.12/asyncio/tasks.py:420> took 0.328 seconds
Executing <Task pending name='Task-14397' coro=<WorkflowVideoUITests.test_cli_video_history_open_export_and_portable_frame_archive() running at /home/boaz/aigen/tests/test_workflow_video_tui.py:39> cb=[_run_until_complete_cb() at /home/boaz/.local/share/uv/python/cpython-3.12.13-linux-x86_64-gnu/lib/python3.12/asyncio/base_events.py:181] created at /home/boaz/.local/share/uv/python/cpython-3.12.13-linux-x86_64-gnu/lib/python3.12/asyncio/runners.py:100> took 0.582 seconds
ok
test_anime_form_fit_and_hunyuan_missing_runtime_preflight (test_workflow_video_contracts.WorkflowVideoContractTests.test_anime_form_fit_and_hunyuan_missing_runtime_preflight) ... ok
test_fit_policy_changes_only_the_prepared_canvas (test_workflow_video_contracts.WorkflowVideoContractTests.test_fit_policy_changes_only_the_prepared_canvas) ... ok
test_form_cli_graph_and_adapter_keep_ltx_positions_seeds_and_effective_canvas (test_workflow_video_contracts.WorkflowVideoContractTests.test_form_cli_graph_and_adapter_keep_ltx_positions_seeds_and_effective_canvas) ... ok
test_missing_checkpoint_shard_is_rejected_before_loading (test_workflow_video_contracts.WorkflowVideoContractTests.test_missing_checkpoint_shard_is_rejected_before_loading) ... ok
test_compatible_seeds_share_one_sweep_and_cache_invalidation_is_per_seed (test_workflow_video_batching.WorkflowVideoBatchingTests.test_compatible_seeds_share_one_sweep_and_cache_invalidation_is_per_seed) ... ok
test_completed_video_survives_later_seed_failure_and_resumes (test_workflow_video_batching.WorkflowVideoBatchingTests.test_completed_video_survives_later_seed_failure_and_resumes) ... ok
test_different_fit_policies_do_not_share_a_sweep (test_workflow_video_batching.WorkflowVideoBatchingTests.test_different_fit_policies_do_not_share_a_sweep) ... ok
test_same_seed_nodes_generate_once_and_both_publish (test_workflow_video_batching.WorkflowVideoBatchingTests.test_same_seed_nodes_generate_once_and_both_publish) ... ok
test_best_of_n_is_selected_on_raw_before_one_upscale_batch (test_character_edit_audit.CharacterEditAuditTests.test_best_of_n_is_selected_on_raw_before_one_upscale_batch) ... ok
test_invalid_vlm_json_or_index_fails_without_generation_retry (test_character_edit_audit.CharacterEditAuditTests.test_invalid_vlm_json_or_index_fails_without_generation_retry) ... ok
test_later_audit_error_retains_earlier_group_decision_in_main_report (test_character_edit_audit.CharacterEditAuditTests.test_later_audit_error_retains_earlier_group_decision_in_main_report) ... ok
test_missing_audit_model_fails_before_generation (test_character_edit_audit.CharacterEditAuditTests.test_missing_audit_model_fails_before_generation) ... ok
test_retry_seeds_do_not_depend_on_other_groups_in_the_batch (test_character_edit_audit.CharacterEditAuditTests.test_retry_seeds_do_not_depend_on_other_groups_in_the_batch) ... ok
test_retry_uses_new_seeds_and_only_rejected_groups (test_character_edit_audit.CharacterEditAuditTests.test_retry_uses_new_seeds_and_only_rejected_groups) ... ok
test_two_rejected_rounds_fail_with_evidence_and_no_successful_output (test_character_edit_audit.CharacterEditAuditTests.test_two_rejected_rounds_fail_with_evidence_and_no_successful_output) ... ok
test_node_factory_serialization_and_explicit_backend_limits (test_workflow_character_flow.CharacterWorkflowTests.test_node_factory_serialization_and_explicit_backend_limits) ... ok
test_qwen_uses_original_audit_refs_and_prepared_native_generation_refs (test_workflow_character_flow.CharacterWorkflowTests.test_qwen_uses_original_audit_refs_and_prepared_native_generation_refs) ... ok
test_rejected_character_never_publishes_successful_cache (test_workflow_character_flow.CharacterWorkflowTests.test_rejected_character_never_publishes_successful_cache) ... ok
test_scene_and_pose_share_framing_and_audit_image_numbering (test_workflow_character_flow.CharacterWorkflowTests.test_scene_and_pose_share_framing_and_audit_image_numbering) ... ok
test_selection_metadata_cache_and_audit_configuration (test_workflow_character_flow.CharacterWorkflowTests.test_selection_metadata_cache_and_audit_configuration) ... ok
test_alpha_only_corruption_fails_exact_pixel_check (test_qwen_masked_canvas.QwenMaskedCanvasTests.test_alpha_only_corruption_fails_exact_pixel_check) ... ok
test_native_and_capped_canvas_preserves_original_rgba_pixels_outside_mask (test_qwen_masked_canvas.QwenMaskedCanvasTests.test_native_and_capped_canvas_preserves_original_rgba_pixels_outside_mask) ... ok
test_different_source_is_rejected_before_qwen_generation (test_workflow_mask_flow.WorkflowMaskFlowTests.test_different_source_is_rejected_before_qwen_generation) ... ok
test_form_import_without_extra_references_keeps_profile_defaults (test_workflow_mask_flow.WorkflowMaskFlowTests.test_form_import_without_extra_references_keeps_profile_defaults) ... ok
test_mask_cache_refine_raw_audit_and_original_rgba_preservation (test_workflow_mask_flow.WorkflowMaskFlowTests.test_mask_cache_refine_raw_audit_and_original_rgba_preservation) ... ok
test_region_plan_import_pins_original_source_and_mask_after_reload (test_workflow_mask_flow.WorkflowMaskFlowTests.test_region_plan_import_pins_original_source_and_mask_after_reload) ... ok
test_same_source_bytes_reimport_with_different_artifact_identity (test_workflow_mask_flow.WorkflowMaskFlowTests.test_same_source_bytes_reimport_with_different_artifact_identity) ... ok

----------------------------------------------------------------------
Ran 73 tests in 35.108s

OK
[Tiled Latent]: latent 16x16, tile=8, overlap=1, grid=3x3
[Tiled Latent]: latent 16x16, tile=8, overlap=1, grid=3x3
[Tiled Latent]: latent 16x16, tile=8, overlap=1, grid=3x3
[Tiled Latent]: latent 16x16, tile=8, overlap=1, grid=3x3
[Tiled Latent]: latent 16x16, tile=8, overlap=1, grid=3x3
[Tiled Latent]: latent 16x16, tile=8, overlap=1, grid=3x3
[Tiled Latent]: latent 16x16, tile=8, overlap=1, grid=3x3
