test_actual_backend_switch_applies_new_defaults (test_workflow_properties.WorkflowPropertyBufferTests.test_actual_backend_switch_applies_new_defaults) ... ok
test_same_values_preserve_custom_settings_and_redo (test_workflow_properties.WorkflowPropertyBufferTests.test_same_values_preserve_custom_settings_and_redo) ... ok
test_cpu_run_cache_status_edits_reopen_and_stop (test_workflow_properties.WorkflowPropertyUITests.test_cpu_run_cache_status_edits_reopen_and_stop) ... ok
test_implicit_defaults_compile_open_and_round_trip (test_workflow_properties.WorkflowPropertyUITests.test_implicit_defaults_compile_open_and_round_trip) ... Executing <Task pending name="message pump Screen(id='_default')" coro=<MessagePump._process_messages() running at /home/boaz/aigen/.venv/lib/python3.12/site-packages/textual/message_pump.py:571> wait_for=<Future pending cb=[Task.task_wakeup()] created at /home/boaz/.local/share/uv/python/cpython-3.12.13-linux-x86_64-gnu/lib/python3.12/asyncio/base_events.py:448> created at /home/boaz/.local/share/uv/python/cpython-3.12.13-linux-x86_64-gnu/lib/python3.12/asyncio/tasks.py:420> took 0.124 seconds
ok
test_open_select_save_undo_redo_preserve_settings (test_workflow_properties.WorkflowPropertyUITests.test_open_select_save_undo_redo_preserve_settings) ... Executing <Task pending name="message pump Screen(id='_default')" coro=<MessagePump._process_messages() running at /home/boaz/aigen/.venv/lib/python3.12/site-packages/textual/message_pump.py:571> wait_for=<Future pending cb=[Task.task_wakeup()] created at /home/boaz/.local/share/uv/python/cpython-3.12.13-linux-x86_64-gnu/lib/python3.12/asyncio/base_events.py:448> created at /home/boaz/.local/share/uv/python/cpython-3.12.13-linux-x86_64-gnu/lib/python3.12/asyncio/tasks.py:420> took 0.151 seconds
ok
test_selection_commits_valid_draft_and_rejects_invalid_draft (test_workflow_properties.WorkflowPropertyUITests.test_selection_commits_valid_draft_and_rejects_invalid_draft) ... Executing <Task pending name='message pump WorkflowEditor()' coro=<MessagePump._process_messages() running at /home/boaz/aigen/.venv/lib/python3.12/site-packages/textual/message_pump.py:571> wait_for=<Future pending cb=[Task.task_wakeup()] created at /home/boaz/.local/share/uv/python/cpython-3.12.13-linux-x86_64-gnu/lib/python3.12/asyncio/base_events.py:448> created at /home/boaz/.local/share/uv/python/cpython-3.12.13-linux-x86_64-gnu/lib/python3.12/asyncio/tasks.py:420> took 0.108 seconds
ok
test_batch_failure_keeps_completed_candidate_and_resumes_other_seed (test_workflow_image_flow.ImageFlowTests.test_batch_failure_keeps_completed_candidate_and_resumes_other_seed) ... ok
test_legacy_identity_roundtrip_undo_and_rename (test_workflow_image_flow.ImageFlowTests.test_legacy_identity_roundtrip_undo_and_rename) ... ok
test_old_result_without_content_hash_still_resolves_against_immutable_cache (test_workflow_image_flow.ImageFlowTests.test_old_result_without_content_hash_still_resolves_against_immutable_cache) ... ok
test_random_selection_survives_reload_and_cuts_generator_dependencies (test_workflow_image_flow.ImageFlowTests.test_random_selection_survives_reload_and_cuts_generator_dependencies) ... ok
test_seed_granularity_history_and_original_metadata (test_workflow_image_flow.ImageFlowTests.test_seed_granularity_history_and_original_metadata) ... ok
test_unselected_continuation_fails_before_generation (test_workflow_image_flow.ImageFlowTests.test_unselected_continuation_fails_before_generation) ... ok
test_fractional_cfr_and_transparent_frames (test_video_timing.VideoTimingTests.test_fractional_cfr_and_transparent_frames) ... ok
test_preserve_audio_origin_and_replace_with_second_stream_without_shortening_video (test_video_timing.VideoTimingTests.test_preserve_audio_origin_and_replace_with_second_stream_without_shortening_video) ... ok
test_vfr_extract_assemble_retains_every_frame_time_and_order (test_video_timing.VideoTimingTests.test_vfr_extract_assemble_retains_every_frame_time_and_order) ... ok

----------------------------------------------------------------------
Ran 15 tests in 13.700s

OK
