test_actual_backend_switch_applies_new_defaults (test_workflow_properties.WorkflowPropertyBufferTests.test_actual_backend_switch_applies_new_defaults) ... ok
test_same_values_preserve_custom_settings_and_redo (test_workflow_properties.WorkflowPropertyBufferTests.test_same_values_preserve_custom_settings_and_redo) ... ok
test_cpu_run_cache_status_edits_reopen_and_stop (test_workflow_properties.WorkflowPropertyUITests.test_cpu_run_cache_status_edits_reopen_and_stop) ... Executing <Task pending name="message pump ProgressBar(id='generation-progress')" coro=<MessagePump._process_messages() running at /home/boaz/aigen/.venv/lib/python3.12/site-packages/textual/message_pump.py:566> wait_for=<Future pending cb=[Task.task_wakeup()] created at /home/boaz/.local/share/uv/python/cpython-3.12.13-linux-x86_64-gnu/lib/python3.12/asyncio/base_events.py:448> created at /home/boaz/.local/share/uv/python/cpython-3.12.13-linux-x86_64-gnu/lib/python3.12/asyncio/tasks.py:420> took 0.214 seconds
Executing <Task pending name="message pump Screen(id='_default')" coro=<MessagePump._process_messages() running at /home/boaz/aigen/.venv/lib/python3.12/site-packages/textual/message_pump.py:571> wait_for=<Future pending cb=[Task.task_wakeup()] created at /home/boaz/.local/share/uv/python/cpython-3.12.13-linux-x86_64-gnu/lib/python3.12/asyncio/base_events.py:448> created at /home/boaz/.local/share/uv/python/cpython-3.12.13-linux-x86_64-gnu/lib/python3.12/asyncio/tasks.py:420> took 0.110 seconds
Executing <Task pending name='screen_update' coro=<Timer._run_timer() running at /home/boaz/aigen/.venv/lib/python3.12/site-packages/textual/timer.py:146> wait_for=<Future pending cb=[Task.task_wakeup()] created at /home/boaz/.local/share/uv/python/cpython-3.12.13-linux-x86_64-gnu/lib/python3.12/asyncio/base_events.py:448> created at /home/boaz/.local/share/uv/python/cpython-3.12.13-linux-x86_64-gnu/lib/python3.12/asyncio/tasks.py:420> took 0.244 seconds
Executing <Task pending name='Task-2' coro=<WorkflowPropertyUITests.test_cpu_run_cache_status_edits_reopen_and_stop() running at /home/boaz/aigen/tests/test_workflow_properties.py:124> wait_for=<_GatheringFuture pending cb=[Task.task_wakeup()] created at /home/boaz/.local/share/uv/python/cpython-3.12.13-linux-x86_64-gnu/lib/python3.12/asyncio/tasks.py:712> cb=[_run_until_complete_cb() at /home/boaz/.local/share/uv/python/cpython-3.12.13-linux-x86_64-gnu/lib/python3.12/asyncio/base_events.py:181] created at /home/boaz/.local/share/uv/python/cpython-3.12.13-linux-x86_64-gnu/lib/python3.12/asyncio/runners.py:100> took 0.251 seconds
ok
test_implicit_defaults_compile_open_and_round_trip (test_workflow_properties.WorkflowPropertyUITests.test_implicit_defaults_compile_open_and_round_trip) ... Executing <Task pending name="message pump FieldRow(classes='field-row')" coro=<MessagePump._process_messages() running at /home/boaz/aigen/.venv/lib/python3.12/site-packages/textual/message_pump.py:566> wait_for=<Future pending cb=[Task.task_wakeup()] created at /home/boaz/.local/share/uv/python/cpython-3.12.13-linux-x86_64-gnu/lib/python3.12/asyncio/base_events.py:448> created at /home/boaz/.local/share/uv/python/cpython-3.12.13-linux-x86_64-gnu/lib/python3.12/asyncio/tasks.py:420> took 0.271 seconds
Executing <Task pending name="message pump PropertyInput(classes='-textual-compact workflow-property-editor')" coro=<MessagePump._process_messages() running at /home/boaz/aigen/.venv/lib/python3.12/site-packages/textual/message_pump.py:571> created at /home/boaz/.local/share/uv/python/cpython-3.12.13-linux-x86_64-gnu/lib/python3.12/asyncio/tasks.py:420> took 0.272 seconds
Executing <Task pending name="message pump PropertySelect(classes='-textual-compact workflow-property-editor')" coro=<MessagePump._process_messages() running at /home/boaz/aigen/.venv/lib/python3.12/site-packages/textual/message_pump.py:566> wait_for=<Future pending cb=[Task.task_wakeup()] created at /home/boaz/.local/share/uv/python/cpython-3.12.13-linux-x86_64-gnu/lib/python3.12/asyncio/base_events.py:448> created at /home/boaz/.local/share/uv/python/cpython-3.12.13-linux-x86_64-gnu/lib/python3.12/asyncio/tasks.py:420> took 0.298 seconds
ok
test_open_select_save_undo_redo_preserve_settings (test_workflow_properties.WorkflowPropertyUITests.test_open_select_save_undo_redo_preserve_settings) ... Executing <Task pending name="message pump Screen(id='_default')" coro=<MessagePump._process_messages() running at /home/boaz/aigen/.venv/lib/python3.12/site-packages/textual/message_pump.py:571> wait_for=<Future pending cb=[Task.task_wakeup()] created at /home/boaz/.local/share/uv/python/cpython-3.12.13-linux-x86_64-gnu/lib/python3.12/asyncio/base_events.py:448> created at /home/boaz/.local/share/uv/python/cpython-3.12.13-linux-x86_64-gnu/lib/python3.12/asyncio/tasks.py:420> took 0.451 seconds
Executing <Task pending name="message pump PropertyRow(classes='workflow-property-row')" coro=<MessagePump._process_messages() running at /home/boaz/aigen/.venv/lib/python3.12/site-packages/textual/message_pump.py:566> wait_for=<Future pending cb=[Task.task_wakeup()] created at /home/boaz/.local/share/uv/python/cpython-3.12.13-linux-x86_64-gnu/lib/python3.12/asyncio/base_events.py:448> created at /home/boaz/.local/share/uv/python/cpython-3.12.13-linux-x86_64-gnu/lib/python3.12/asyncio/tasks.py:420> took 0.298 seconds
ok
test_selection_commits_valid_draft_and_rejects_invalid_draft (test_workflow_properties.WorkflowPropertyUITests.test_selection_commits_valid_draft_and_rejects_invalid_draft) ... Executing <Task pending name="message pump NonSelectableStatic(classes='down-arrow arrow')" coro=<MessagePump._process_messages() running at /home/boaz/aigen/.venv/lib/python3.12/site-packages/textual/message_pump.py:571> wait_for=<Future pending cb=[Task.task_wakeup()] created at /home/boaz/.local/share/uv/python/cpython-3.12.13-linux-x86_64-gnu/lib/python3.12/asyncio/base_events.py:448> created at /home/boaz/.local/share/uv/python/cpython-3.12.13-linux-x86_64-gnu/lib/python3.12/asyncio/tasks.py:420> took 0.340 seconds
Executing <Task pending name="message pump PropertyInput(classes='-textual-compact workflow-property-editor')" coro=<MessagePump._process_messages() running at /home/boaz/aigen/.venv/lib/python3.12/site-packages/textual/message_pump.py:571> created at /home/boaz/.local/share/uv/python/cpython-3.12.13-linux-x86_64-gnu/lib/python3.12/asyncio/tasks.py:420> took 0.338 seconds
ok
test_content_invalidates_only_affected_branches_and_undo_restores (test_workflow_run_state.WorkflowRunStateTests.test_content_invalidates_only_affected_branches_and_undo_restores) ... ok
test_new_request_and_document_reset_statuses (test_workflow_run_state.WorkflowRunStateTests.test_new_request_and_document_reset_statuses) ... ok
test_presentation_and_connection_identity_are_not_execution_changes (test_workflow_run_state.WorkflowRunStateTests.test_presentation_and_connection_identity_are_not_execution_changes) ... ok
test_reorder_reconnect_and_removal_invalidate_descendants (test_workflow_run_state.WorkflowRunStateTests.test_reorder_reconnect_and_removal_invalidate_descendants) ... ok
test_canvas_and_batch_order_do_not_change_reference_context (test_flux2_klein_conditioning.KleinConditioningTests.test_canvas_and_batch_order_do_not_change_reference_context) ... ok
test_progress_counts_the_prepared_schedule_for_every_output (test_flux2_klein_conditioning.KleinConditioningTests.test_progress_counts_the_prepared_schedule_for_every_output) ... ok
test_reference_aspect_and_resolution_follow_upstream (test_flux2_klein_conditioning.KleinConditioningTests.test_reference_aspect_and_resolution_follow_upstream) ... ok
test_changed_backend_implementation_invalidates_cache_signature (test_generation_contracts.GenerationContractTests.test_changed_backend_implementation_invalidates_cache_signature) ... ok
test_duplicate_seeds_are_rejected_before_creating_outputs (test_generation_contracts.GenerationContractTests.test_duplicate_seeds_are_rejected_before_creating_outputs) ... ok
test_file_upscale_uses_oriented_canvas_and_loads_model_once (test_image_io_contracts.ImageIOTests.test_file_upscale_uses_oriented_canvas_and_loads_model_once) ... ok
test_sam_canvas_manual_and_automatic_inputs_share_orientation (test_image_io_contracts.ImageIOTests.test_sam_canvas_manual_and_automatic_inputs_share_orientation) ... ok
test_upscalers_preserve_rgba_palette_and_color_key_alpha (test_image_io_contracts.ImageIOTests.test_upscalers_preserve_rgba_palette_and_color_key_alpha) ... ok
test_output_is_independent_of_batch_order_and_partial_cache (test_vosr_randomness.VosrRandomnessTests.test_output_is_independent_of_batch_order_and_partial_cache) ... ok
test_every_clone_is_admitted_before_allocation (test_qwen_residency.QwenResidencyTests.test_every_clone_is_admitted_before_allocation) ... ok
test_no_clone_or_inference_replacement_when_first_block_does_not_fit (test_qwen_residency.QwenResidencyTests.test_no_clone_or_inference_replacement_when_first_block_does_not_fit) ... ok
test_reference_and_longest_text_tokens_determine_largest_case (test_qwen_residency.QwenResidencyTests.test_reference_and_longest_text_tokens_determine_largest_case) ... ok
test_weight_aliases_and_views_share_one_storage_budget (test_qwen_residency.QwenResidencyTests.test_weight_aliases_and_views_share_one_storage_budget) ... ok
test_existing_model_replacement_is_visible_in_the_same_process (test_model_artifact_identity.ModelArtifactIdentityTests.test_existing_model_replacement_is_visible_in_the_same_process) ... ok
test_klein_inventory_detects_added_conditioner_files (test_model_artifact_identity.ModelArtifactIdentityTests.test_klein_inventory_detects_added_conditioner_files) ... ok
test_uso_cache_tracks_all_worker_model_paths_and_processor_files (test_model_artifact_identity.ModelArtifactIdentityTests.test_uso_cache_tracks_all_worker_model_paths_and_processor_files) ... ok
test_batch_failure_keeps_completed_candidate_and_resumes_other_seed (test_workflow_image_flow.ImageFlowTests.test_batch_failure_keeps_completed_candidate_and_resumes_other_seed) ... ok
test_legacy_identity_roundtrip_undo_and_rename (test_workflow_image_flow.ImageFlowTests.test_legacy_identity_roundtrip_undo_and_rename) ... ok
test_old_result_without_content_hash_still_resolves_against_immutable_cache (test_workflow_image_flow.ImageFlowTests.test_old_result_without_content_hash_still_resolves_against_immutable_cache) ... ok
test_random_selection_survives_reload_and_cuts_generator_dependencies (test_workflow_image_flow.ImageFlowTests.test_random_selection_survives_reload_and_cuts_generator_dependencies) ... ok
test_seed_granularity_history_and_original_metadata (test_workflow_image_flow.ImageFlowTests.test_seed_granularity_history_and_original_metadata) ... ok
test_unselected_continuation_fails_before_generation (test_workflow_image_flow.ImageFlowTests.test_unselected_continuation_fails_before_generation) ... ok
test_cli_collection_history_selection_export_and_continuation_after_restart (test_workflow_results_tui.WorkflowResultsUITests.test_cli_collection_history_selection_export_and_continuation_after_restart) ... Executing <Task pending name='message pump WorkflowEditor()' coro=<MessagePump._process_messages() running at /home/boaz/aigen/.venv/lib/python3.12/site-packages/textual/message_pump.py:571> wait_for=<Future pending cb=[Task.task_wakeup()] created at /home/boaz/.local/share/uv/python/cpython-3.12.13-linux-x86_64-gnu/lib/python3.12/asyncio/base_events.py:448> created at /home/boaz/.local/share/uv/python/cpython-3.12.13-linux-x86_64-gnu/lib/python3.12/asyncio/tasks.py:420> took 0.314 seconds
Executing <Task pending name='screen_update' coro=<Timer._run_timer() running at /home/boaz/aigen/.venv/lib/python3.12/site-packages/textual/timer.py:146> wait_for=<Future pending cb=[Task.task_wakeup()] created at /home/boaz/.local/share/uv/python/cpython-3.12.13-linux-x86_64-gnu/lib/python3.12/asyncio/base_events.py:448> created at /home/boaz/.local/share/uv/python/cpython-3.12.13-linux-x86_64-gnu/lib/python3.12/asyncio/tasks.py:420> took 0.353 seconds
Executing <Task pending name="message pump ProgressBar(id='generation-progress')" coro=<MessagePump._process_messages() running at /home/boaz/aigen/.venv/lib/python3.12/site-packages/textual/message_pump.py:566> wait_for=<Future pending cb=[Task.task_wakeup()] created at /home/boaz/.local/share/uv/python/cpython-3.12.13-linux-x86_64-gnu/lib/python3.12/asyncio/base_events.py:448> created at /home/boaz/.local/share/uv/python/cpython-3.12.13-linux-x86_64-gnu/lib/python3.12/asyncio/tasks.py:420> took 0.332 seconds
Executing <Task pending name="message pump Screen(id='_default')" coro=<MessagePump._process_messages() running at /home/boaz/aigen/.venv/lib/python3.12/site-packages/textual/message_pump.py:571> wait_for=<Future pending cb=[Task.task_wakeup()] created at /home/boaz/.local/share/uv/python/cpython-3.12.13-linux-x86_64-gnu/lib/python3.12/asyncio/base_events.py:448> created at /home/boaz/.local/share/uv/python/cpython-3.12.13-linux-x86_64-gnu/lib/python3.12/asyncio/tasks.py:420> took 0.103 seconds
Executing <Task pending name='screen_update' coro=<Timer._run_timer() running at /home/boaz/aigen/.venv/lib/python3.12/site-packages/textual/timer.py:146> wait_for=<Future pending cb=[Task.task_wakeup()] created at /home/boaz/.local/share/uv/python/cpython-3.12.13-linux-x86_64-gnu/lib/python3.12/asyncio/base_events.py:448> created at /home/boaz/.local/share/uv/python/cpython-3.12.13-linux-x86_64-gnu/lib/python3.12/asyncio/tasks.py:420> took 0.442 seconds
ok
test_run_telemetry_does_not_overwrite_active_node_progress (test_workflow_results_tui.WorkflowResultsUITests.test_run_telemetry_does_not_overwrite_active_node_progress) ... Executing <Task pending name="message pump FormFields(id='sam-fields', classes='form-fields')" coro=<MessagePump._process_messages() running at /home/boaz/aigen/.venv/lib/python3.12/site-packages/textual/message_pump.py:566> wait_for=<Future pending cb=[Task.task_wakeup()] created at /home/boaz/.local/share/uv/python/cpython-3.12.13-linux-x86_64-gnu/lib/python3.12/asyncio/base_events.py:448> created at /home/boaz/.local/share/uv/python/cpython-3.12.13-linux-x86_64-gnu/lib/python3.12/asyncio/tasks.py:420> took 0.423 seconds
Executing <Task pending name="message pump Screen(id='_default')" coro=<MessagePump._process_messages() running at /home/boaz/aigen/.venv/lib/python3.12/site-packages/textual/message_pump.py:571> wait_for=<Future pending cb=[Task.task_wakeup()] created at /home/boaz/.local/share/uv/python/cpython-3.12.13-linux-x86_64-gnu/lib/python3.12/asyncio/base_events.py:448> created at /home/boaz/.local/share/uv/python/cpython-3.12.13-linux-x86_64-gnu/lib/python3.12/asyncio/tasks.py:420> took 0.109 seconds
ok
test_seed_variants_dialog_is_one_undo_edit (test_workflow_results_tui.WorkflowResultsUITests.test_seed_variants_dialog_is_one_undo_edit) ... Executing <Task pending name="message pump FormFields(id='sam-fields', classes='form-fields')" coro=<MessagePump._process_messages() running at /home/boaz/aigen/.venv/lib/python3.12/site-packages/textual/message_pump.py:566> wait_for=<Future pending cb=[Task.task_wakeup()] created at /home/boaz/.local/share/uv/python/cpython-3.12.13-linux-x86_64-gnu/lib/python3.12/asyncio/base_events.py:448> created at /home/boaz/.local/share/uv/python/cpython-3.12.13-linux-x86_64-gnu/lib/python3.12/asyncio/tasks.py:420> took 0.370 seconds
Executing <Task pending name="message pump Screen(id='_default')" coro=<MessagePump._process_messages() running at /home/boaz/aigen/.venv/lib/python3.12/site-packages/textual/message_pump.py:571> wait_for=<Future pending cb=[Task.task_wakeup()] created at /home/boaz/.local/share/uv/python/cpython-3.12.13-linux-x86_64-gnu/lib/python3.12/asyncio/base_events.py:448> created at /home/boaz/.local/share/uv/python/cpython-3.12.13-linux-x86_64-gnu/lib/python3.12/asyncio/tasks.py:420> took 0.136 seconds
Executing <Task pending name='screen_update' coro=<Timer._run_timer() running at /home/boaz/aigen/.venv/lib/python3.12/site-packages/textual/timer.py:146> wait_for=<Future pending cb=[Task.task_wakeup()] created at /home/boaz/.local/share/uv/python/cpython-3.12.13-linux-x86_64-gnu/lib/python3.12/asyncio/base_events.py:448> created at /home/boaz/.local/share/uv/python/cpython-3.12.13-linux-x86_64-gnu/lib/python3.12/asyncio/tasks.py:420> took 0.544 seconds
ok
test_form_import_preserves_cli_whitespace_default_seed_and_input_order (test_workflow_result_contracts.WorkflowResultContractTests.test_form_import_preserves_cli_whitespace_default_seed_and_input_order) ... ok
test_replaced_or_unverifiable_historical_inputs_never_show_current_pixels (test_workflow_result_contracts.WorkflowResultContractTests.test_replaced_or_unverifiable_historical_inputs_never_show_current_pixels) ... ok
test_fractional_cfr_and_transparent_frames (test_video_timing.VideoTimingTests.test_fractional_cfr_and_transparent_frames) ... ok
test_preserve_audio_origin_and_replace_with_second_stream_without_shortening_video (test_video_timing.VideoTimingTests.test_preserve_audio_origin_and_replace_with_second_stream_without_shortening_video) ... ok
test_vfr_extract_assemble_retains_every_frame_time_and_order (test_video_timing.VideoTimingTests.test_vfr_extract_assemble_retains_every_frame_time_and_order) ... ok
test_import_process_assemble_reuses_pixels_but_carries_current_timing_and_audio (test_workflow_video_flow.WorkflowVideoTests.test_import_process_assemble_reuses_pixels_but_carries_current_timing_and_audio) ... ok
test_metadata_cache_is_content_and_decoder_revision_addressed (test_workflow_video_flow.WorkflowVideoTests.test_metadata_cache_is_content_and_decoder_revision_addressed) ... ok
test_moved_source_reuses_extraction_with_current_audio_location (test_workflow_video_flow.WorkflowVideoTests.test_moved_source_reuses_extraction_with_current_audio_location) ... ok
test_cli_video_history_open_export_and_portable_frame_archive (test_workflow_video_tui.WorkflowVideoUITests.test_cli_video_history_open_export_and_portable_frame_archive) ... Executing <Task pending name="message pump Screen(id='_default')" coro=<MessagePump._process_messages() running at /home/boaz/aigen/.venv/lib/python3.12/site-packages/textual/message_pump.py:571> wait_for=<Future pending cb=[Task.task_wakeup()] created at /home/boaz/.local/share/uv/python/cpython-3.12.13-linux-x86_64-gnu/lib/python3.12/asyncio/base_events.py:448> created at /home/boaz/.local/share/uv/python/cpython-3.12.13-linux-x86_64-gnu/lib/python3.12/asyncio/tasks.py:420> took 0.108 seconds
Executing <Task pending name="message pump Container(classes='workflow-property-controls')" coro=<MessagePump._process_messages() running at /home/boaz/aigen/.venv/lib/python3.12/site-packages/textual/message_pump.py:566> wait_for=<Future pending cb=[Task.task_wakeup()] created at /home/boaz/.local/share/uv/python/cpython-3.12.13-linux-x86_64-gnu/lib/python3.12/asyncio/base_events.py:448> created at /home/boaz/.local/share/uv/python/cpython-3.12.13-linux-x86_64-gnu/lib/python3.12/asyncio/tasks.py:420> took 0.389 seconds
Executing <Task pending name='screen_update' coro=<Timer._run_timer() running at /home/boaz/aigen/.venv/lib/python3.12/site-packages/textual/timer.py:146> wait_for=<Future pending cb=[Task.task_wakeup()] created at /home/boaz/.local/share/uv/python/cpython-3.12.13-linux-x86_64-gnu/lib/python3.12/asyncio/base_events.py:448> created at /home/boaz/.local/share/uv/python/cpython-3.12.13-linux-x86_64-gnu/lib/python3.12/asyncio/tasks.py:420> took 0.350 seconds
Executing <Task pending name='Task-14381' coro=<WorkflowVideoUITests.test_cli_video_history_open_export_and_portable_frame_archive() running at /home/boaz/aigen/tests/test_workflow_video_tui.py:39> cb=[_run_until_complete_cb() at /home/boaz/.local/share/uv/python/cpython-3.12.13-linux-x86_64-gnu/lib/python3.12/asyncio/base_events.py:181] created at /home/boaz/.local/share/uv/python/cpython-3.12.13-linux-x86_64-gnu/lib/python3.12/asyncio/runners.py:100> took 0.629 seconds
ok
test_anime_form_fit_and_hunyuan_missing_runtime_preflight (test_workflow_video_contracts.WorkflowVideoContractTests.test_anime_form_fit_and_hunyuan_missing_runtime_preflight) ... ok
test_fit_policy_changes_only_the_prepared_canvas (test_workflow_video_contracts.WorkflowVideoContractTests.test_fit_policy_changes_only_the_prepared_canvas) ... ok
test_form_cli_graph_and_adapter_keep_ltx_positions_seeds_and_effective_canvas (test_workflow_video_contracts.WorkflowVideoContractTests.test_form_cli_graph_and_adapter_keep_ltx_positions_seeds_and_effective_canvas) ... ok
test_missing_checkpoint_shard_is_rejected_before_loading (test_workflow_video_contracts.WorkflowVideoContractTests.test_missing_checkpoint_shard_is_rejected_before_loading) ... ok

----------------------------------------------------------------------
Ran 48 tests in 43.583s

OK
[Tiled Latent]: latent 16x16, tile=8, overlap=1, grid=3x3
[Tiled Latent]: latent 16x16, tile=8, overlap=1, grid=3x3
[Tiled Latent]: latent 16x16, tile=8, overlap=1, grid=3x3
[Tiled Latent]: latent 16x16, tile=8, overlap=1, grid=3x3
[Tiled Latent]: latent 16x16, tile=8, overlap=1, grid=3x3
[Tiled Latent]: latent 16x16, tile=8, overlap=1, grid=3x3
[Tiled Latent]: latent 16x16, tile=8, overlap=1, grid=3x3
